       chap:E.1




                   Chapter E.A

                   Extra exercises

                   E.1     Extra section
       sec:E.1.1
                   E.1.1    Extra subsection
ex:2024-02-16-01
     sec:E.1.1.1
          ex:E.1
                   Exercise E.12 (February 16, 2024). This is an extra exercise that refers to chapter A[1] ,
                   chapters A and B[2] , chapters A to C[3] from the file test_multiple_exercises.tex. Further-
                   more it refers to Exercise 1[4] , Exercises 1 and 4[5] , Exercises 1, 4 and 8[6] , also from the file
                   test_multiple_exercises.tex. In addition, it refers to itself, either using the exercise number
                   with prefix Exercise E.12[7] or its date Exercise E.12[8] . Finally, one can mix references from this
                   file and the previous file, for example Exercises 1 and E.12[9] , Exercises 1, E.12, 4 and E.12[10] ,
                   Exercises 1, E.12, 4, 8 and E.12[11] .
                   Go to: solution[12] .
        chap:E.2




                    Chapter E.B

                    Solutions

                    E.1      Extra section[13]
        sec:E.2.1
                    E.1.1 Extra subsection[14]
sol:2024-02-16-01
      sec:E.2.1.1
          sol:E.1
                    Exercise E.12[15] . This refers to the solution of Exercise 1[16] , the solutions of Exercises 1 and 4[17] ,
                    the solutions of Exercises 1, 4 and 8[18] , also from the file test_multiple_exercises.tex. In addi-
                    tion, it refers to itself, either using the exercise number with prefix the solution of Exercise E.12[19]
                    or its date the solution of Exercise E.12[20] . Finally, one can mix references from this file and
                    the previous file, for example the solutions of Exercises 1 and E.12[21] , the solutions of Exer-
                    cises 1, E.12, 4 and E.12[22] , the solutions of Exercises 1, E.12, 4, 8 and E.12[23] .
                    Go to: additional information[24] .
        chap:E.3




                    Chapter E.C

                    Additional information

                    E.1      Extra section[25]
        sec:E.3.1
                    E.1.1 Extra subsection[26]
add:2024-02-16-01
      sec:E.3.1.1
          add:E.1
                    Exercise E.12[27] . This refers to the additional information for Exercise 1[28] , the additional
                    information for Exercises 1 and 4[29] , the additional information for Exercises 1, 4 and 8[30] , also
                    from the file test_multiple_exercises.tex. In addition, it refers to itself, either using the exer-
                    cise number with prefix the additional information for Exercise E.12[31] or its date the additional
                    information for Exercise E.12[32] . Finally, one can mix references from this file and the previous file,
                    for example the additional information for Exercises 1 and E.12[33] , the additional information for
                    Exercises 1, E.12, 4 and E.12[34] , the additional information for Exercises 1, E.12, 4, 8 and E.12[35] .
                    Go back to: solution[36] .
    Link details

    Notes for chapter E.A
 1. chap:1 (counter value A)

 2. chap:1 (counter value A) and chap:2 (counter value B)

 3. chap:1 (counter value A), chap:2 (counter value B) and chap:3 (counter value C)

 4. ex:1 (counter value 1)

 5. ex:1 (counter value 1) and ex:2020-01-14-01 (counter value 4)

 6. ex:1 (counter value 1), ex:2020-01-14-01 (counter value 4) and ex:2022-01-16-01 (counter value 10)

 7. ex:E.1 (counter value 1)

 8. ex:2024-02-16-01 (counter value 1)

 9. ex:1 (counter value 1) and ex:E.1 (counter value 1)

10. ex:1 (counter value 1), ex:E.1 (counter value 1), ex:2020-01-14-01 (counter value 4) and ex:2024-02-16-01 (counter
    value 1)

11. ex:1 (counter value 1), ex:E.1 (counter value 1), ex:2020-01-14-01 (counter value 4), ex:2022-01-16-01 (counter value
    10) and ex:2024-02-16-01 (counter value 1)

12. sol:E.1 (counter value 2)



    Notes for chapter E.B
13. sec:E.1.1 (counter value E.1)

14. sec:E.1.1.1 (counter value E.1.1)

15. ex:E.1 (counter value 1)

16. sol:1 (counter value 16)

17. sol:1 (counter value 16) and sol:2020-01-14-01 (counter value 19)

18. sol:1 (counter value 16), sol:2020-01-14-01 (counter value 19) and sol:2022-01-16-01 (counter value 23)

19. sol:E.1 (counter value 2)

20. sol:2024-02-16-01 (counter value 2)
21. sol:1 (counter value 16) and sol:E.1 (counter value 2)

22. sol:1 (counter value 16), sol:E.1 (counter value 2), sol:2020-01-14-01 (counter value 19) and sol:2024-02-16-01 (counter
    value 2)

23. sol:1 (counter value 16), sol:E.1 (counter value 2), sol:2020-01-14-01 (counter value 19), sol:2022-01-16-01 (counter
    value 23) and sol:2024-02-16-01 (counter value 2)

24. add:E.1 (counter value 1)



    Notes for chapter E.C
25. sec:E.1.1 (counter value E.1)

26. sec:E.1.1.1 (counter value E.1.1)

27. ex:E.1 (counter value 1)

28. add:1 (counter value 1)

29. add:1 (counter value 1) and add:2020-01-14-01 (counter value 4)

30. add:1 (counter value 1), add:2020-01-14-01 (counter value 4) and add:2022-01-16-01 (counter value 8)

31. add:E.1 (counter value 1)

32. add:2024-02-16-01 (counter value 1)

33. add:1 (counter value 1) and add:E.1 (counter value 1)

34. add:1 (counter value 1), add:E.1 (counter value 1), add:2020-01-14-01 (counter value 4) and add:2024-02-16-01
    (counter value 1)

35. add:1 (counter value 1), add:E.1 (counter value 1), add:2020-01-14-01 (counter value 4), add:2022-01-16-01 (counter
    value 8) and add:2024-02-16-01 (counter value 1)

36. sol:E.1 (counter value 2)
