Chapter A

Exercises

1     First section
1.1   First subsection

2     Second section
2.1   A subsection
2.2   Another subsection
Chapter B

Solutions
Chapter C

Additional information
