! Package exercise-book Error: Exercise 1 has no additional information.
