Chapter 5
 A subtitle




          Francesco Ballarin1,2
          1
              Università Cattolica del Sacro Cuore,
              Department of Mathematics and Physics, Brescia, Italy
          2
              Università Cattolica del Sacro Cuore,
              Department of Mathematics for Economic, Financial
              and Actuarial Sciences, Milano, Italy
Inverse frames

 • first item:
         • one subitem;
         • another subitem;
 • second standalone item.

Content
 • This is the first item in the block.
 • This is the second item in the block.




  1/ 1             F. Ballarin   Chapter 5
